// Jest Snapshot v1, https://goo.gl/fbAQLP

exports[`TodoList should render todos 1`] = `
<ul>
  <li>
    a
  </li>
  <li>
    b
  </li>
</ul>
`;
